// Jest Snapshot v1, https://goo.gl/fbAQLP

exports[`accepts a text prop that is a string and renders it 1`] = `
<div
  className="story"
>
  <div
    className="story--image--wrapper"
  >
    <img
      className="story--image"
      src="http://lorempixel.com/640/480/abstract"
    />
  </div>
  <h2
    className="story--title"
  >
    Consectetur et enim: Consequatur illum deleniti sint dicta recusandae
  </h2>
  <p
    className="story--details"
  >
    Rollin Block
     / 
    April 1, 2017
  </p>
  <div
    className="story--text"
  >
    <div
      className="story--text--section"
    >
      <p>
        Praesentium illo iure reiciendis facilis quos magnam sunt quae. Quia quidem nesciunt quis cum temporibus sit aut nostrum placeat. Iure modi reiciendis laborum tempore possimus. Itaque officia occaecati et.
      </p>
      <p>
        Et adipisci fugiat enim et quisquam exercitationem nam amet. Doloribus eum officia nisi cum consectetur eum beatae sequi ad. Cum quia sit. Quibusdam sed voluptatem.
      </p>
      <p>
        Architecto accusantium aperiam blanditiis qui quis. Maxime laudantium quis dolores voluptatem. Ut qui dolor porro nihil laborum tempora ducimus voluptatem laboriosam. Veniam quos natus dignissimos magnam nihil ut et qui.
      </p>
      <p>
        Atque mollitia saepe aspernatur aperiam culpa ex dolorem est quae. Quia distinctio consequuntur expedita. Fuga cupiditate iste consequatur. Tempore deserunt et aperiam sint minima vero consequatur non. Quasi accusamus et.
      </p>
      <p>
        Recusandae amet quas voluptatem deleniti et. Aperiam sed at tenetur provident voluptatum. Voluptate mollitia et et quos. Vel architecto et. A doloribus et labore rerum aspernatur deserunt illo. Sit quo et eum qui.
      </p>
    </div>
    <div
      className="story--text--section"
    >
      <p>
        Sint magnam soluta beatae exercitationem labore corporis unde. Omnis qui modi eos nam voluptatem qui. Enim vel dolorem sunt nisi ut qui. Enim ex eveniet sit nihil.
      </p>
      <p>
        Et eaque et vitae et quibusdam reiciendis et placeat. Qui ea ullam sed. Sunt fuga cum quod sint exercitationem architecto expedita ipsa.
      </p>
      <p>
        Vitae pariatur aliquam. Ab voluptatem qui eveniet. Veritatis libero quis numquam ullam eum sequi voluptatem rerum. Qui voluptatibus nostrum a sit omnis aut.
      </p>
      <p>
        Maxime quis quidem. Eum ut dolorum velit animi asperiores quas excepturi. Ducimus consequuntur est aut aut porro aliquam. Dolores nemo repudiandae eveniet alias voluptas quibusdam eveniet. Corrupti qui distinctio ut dolore natus. Nesciunt fugiat commodi autem error veritatis vel cupiditate nihil laborum.
      </p>
      <p>
        Enim deserunt enim accusantium exercitationem sit consequuntur aut et accusamus. Eligendi voluptatibus consequuntur et eos. Consequatur aut libero sed ducimus ut harum. Est id quis labore.
      </p>
      <p>
        Odit natus est odit eum omnis modi dolore quibusdam veniam. Ut dolor at. Nulla rem ut molestiae dolore doloribus quod voluptatem sed atque. Excepturi accusantium nulla.
      </p>
      <p>
        Voluptatem cumque vero quaerat est. Cupiditate suscipit iusto. Magni quia delectus nobis eaque occaecati aliquam facere deleniti et. Qui odit maiores ut quaerat voluptatem autem eum.
      </p>
      <p>
        Beatae vero aperiam nobis omnis est aliquid repellat odit. Et veniam omnis eius vitae sed aliquam. Et quas voluptas.
      </p>
    </div>
    <div
      className="story--text--section"
    >
      <p>
        Nemo vero et. Ipsa et tempore. Numquam ex pariatur repellat aliquam consequatur quia. Autem dignissimos ut ipsam consequatur tempore. Praesentium perspiciatis nostrum veritatis qui voluptas unde alias dolore rerum. Occaecati quod aut aspernatur quo qui ut temporibus soluta sint.
      </p>
      <p>
        Ut est cumque ratione enim necessitatibus et sunt nulla. Dolorum omnis nisi omnis sed omnis voluptates nesciunt. Possimus facilis error sint aliquid incidunt ut eos eum. Veritatis saepe inventore delectus voluptates voluptas. Ut possimus dolorem dolores commodi excepturi optio maiores non officiis. Earum eveniet in optio fugit.
      </p>
      <p>
        Odit qui velit sit non nihil. Atque iusto rerum consequuntur. In nostrum ex iure nostrum non vitae quia.
      </p>
      <p>
        Perferendis quidem velit. Autem nobis sunt in nesciunt aut laborum fuga saepe qui. Eius ipsa dolor distinctio nam aut enim necessitatibus. Facere similique vel quibusdam laborum quia quibusdam odit iste.
      </p>
    </div>
    <div
      className="story--text--section"
    >
      <p>
        Ut similique nihil molestiae et ut dolor. Optio harum unde. Qui omnis facilis et ut. Eveniet consequatur dolores ut autem inventore iste dolorem. Est neque nobis sunt. Et dolor minima et sit est provident laudantium distinctio repudiandae.
      </p>
      <p>
        Et quos sint minus officia deleniti atque. Est praesentium non impedit consequatur dolor est inventore. Eos enim sit voluptate sed labore ipsum velit. Et velit praesentium saepe. Architecto repudiandae quos excepturi. Facere quia quia tenetur assumenda pariatur animi explicabo quo qui.
      </p>
      <p>
        Et est aliquam nihil repellat. Perferendis eos quos commodi iste expedita commodi doloremque ipsum. Animi fuga et. Et similique deserunt et aut commodi dignissimos. Dolorem ut velit illum dolorem minima consequatur doloremque. Et libero dolorum nisi.
      </p>
      <p>
        Nobis deserunt ut accusantium sed et vero. Sit magnam illum. Tempore iusto vel facilis maxime.
      </p>
      <p>
        Rem perferendis veritatis. Debitis ratione quia quia omnis quo aut reiciendis quasi blanditiis. Iusto ad dolorem.
      </p>
      <p>
        Deserunt nulla recusandae labore ut expedita sint. Ratione sit iste non esse officia. Nemo repellendus nam dolorum. Magnam ut quam nemo ut dolores aliquid possimus. Asperiores ipsam eos vero cum autem nulla molestias blanditiis.
      </p>
      <p>
        Sint exercitationem dolorem velit molestiae voluptatibus nihil. Omnis ab cumque aut minima amet consequatur. Ea sed voluptas. Ducimus autem dolorum. Velit facilis dolorem beatae neque dolorum deleniti. Necessitatibus optio voluptates necessitatibus qui excepturi et.
      </p>
      <p>
        Dolores omnis blanditiis. Est reprehenderit ducimus. Magni voluptas eos sint velit eos corrupti. Odit illo ut sequi quasi porro natus. Nemo reiciendis nemo est est tempora eligendi exercitationem. Molestiae ullam facilis aut alias sint iusto sit.
      </p>
      <p>
        Vero qui aspernatur iure esse corporis consequatur. Molestias aliquam aut molestiae debitis quidem consequatur tempore animi. Labore facilis eveniet. Ea ipsa magnam soluta aperiam ipsum blanditiis quam. Eaque velit voluptates quo eaque necessitatibus repudiandae ut cumque.
      </p>
    </div>
  </div>
</div>
`;
