// Jest Snapshot v1, https://goo.gl/fbAQLP

exports[`accepts a text prop that is a string and renders it 1`] = `
<div
  className="story"
>
  <div
    className="story--image--wrapper"
  >
    <img
      className="story--image"
      src="http://lorempixel.com/640/480/abstract"
    />
  </div>
  <h2>
    Nihil ut ut: Quae possimus unde laborum voluptatem deserunt
  </h2>
  <div
    className="story--text"
  >
    <div
      className="story--text--section"
    >
      <p>
        Neque vel fugiat quo non aut natus. Rerum ea amet. Officiis quibusdam quasi. Voluptas quia ipsam qui optio. Qui neque perferendis ut. Mollitia qui enim et ex perspiciatis ut.
      </p>
      <p>
        Aut nemo atque et dignissimos blanditiis omnis magnam iste corporis. Totam voluptatibus ratione saepe perferendis voluptas aliquam. Esse omnis qui iure qui quia in. Consequuntur ut voluptate nihil vero rerum.
      </p>
      <p>
        Quo molestiae autem pariatur officia cumque molestiae. Facere voluptatum ut ut. Rerum fuga rerum. Ad perferendis nesciunt beatae voluptates voluptatem. Nisi ea occaecati delectus ad aut et minima sapiente.
      </p>
      <p>
        Molestiae et numquam quisquam. Dolorum ratione doloremque tenetur accusamus voluptatibus et ut saepe. Laudantium aut quos voluptate consequuntur.
      </p>
      <p>
        Impedit velit amet ea amet tempore. Exercitationem non omnis consequuntur pariatur magni dolores suscipit voluptatem optio. Praesentium animi ipsa.
      </p>
      <p>
        Sed qui possimus commodi id quia fugiat aut porro sit. Velit nulla nisi in totam accusantium molestiae. Ad voluptas hic cumque enim repellendus reiciendis ea. Dolorum animi aut necessitatibus omnis non quia. Reprehenderit rem adipisci et neque omnis enim ad. Laborum quis ut et tenetur voluptas aperiam.
      </p>
      <p>
        Quia quos ex eius dolores blanditiis nesciunt eaque consequuntur quia. Autem molestiae nulla maxime ad tenetur possimus. Incidunt fuga provident perferendis voluptas optio dicta ullam eaque. Optio et minus quasi rem cupiditate. Velit sunt nihil consectetur.
      </p>
    </div>
    <div
      className="story--text--section"
    >
      <p>
        Aperiam vel dolore culpa. Exercitationem iure eum qui sint quas vero ullam. Velit dolor laboriosam provident consequatur vel rerum consectetur vero magni. Culpa iure nihil laborum fugit deleniti omnis sit et. Similique impedit alias omnis.
      </p>
      <p>
        Aut laudantium autem omnis. Libero atque numquam molestias et libero. Sed aut dolores quae et a incidunt. Qui delectus magnam et tempora est molestias similique quia illo. Aut ipsa aut eius veritatis sit atque.
      </p>
      <p>
        Vel et autem voluptatem. Rerum et suscipit enim. Qui illum iure assumenda vero est. Non quo aut id dolores voluptatem voluptatem fuga vitae.
      </p>
      <p>
        Aliquam in ut voluptatibus corrupti voluptatem autem excepturi unde. Ea dolorem aliquid ea et. Repellendus officiis accusamus. Atque laboriosam nulla asperiores deserunt ut placeat hic aperiam. Aut ipsum eum minus vitae.
      </p>
      <p>
        Cumque dolore aut. Excepturi quis velit. Est voluptas esse sint corporis praesentium aut illum atque. Qui ut quibusdam sunt et dolorem sit atque molestiae. Eum tenetur nihil ab quaerat maxime est voluptatem. Adipisci exercitationem animi eum rerum doloribus omnis.
      </p>
      <p>
        Et pariatur reprehenderit eum similique vel est eos ut cumque. Nihil enim ab commodi nostrum cupiditate nulla illo. Omnis est sapiente libero incidunt eligendi voluptatibus. Dolorem sint sed. Reiciendis nemo aut rerum. Accusamus dolores dolor fugit praesentium tempora.
      </p>
      <p>
        Reiciendis dignissimos velit quo commodi excepturi sit natus exercitationem odio. Eius culpa id exercitationem sunt sit eos assumenda. Omnis voluptas exercitationem. Est non repellendus ut est quo dolores quia vel.
      </p>
      <p>
        Illum sunt nihil. Ipsum deleniti qui. Labore soluta ratione alias reiciendis culpa debitis vel. Impedit qui eveniet maxime voluptatem dignissimos. Minus quis incidunt et et nulla itaque eum similique.
      </p>
      <p>
        Rerum aut minus sunt id qui reprehenderit laboriosam. Qui sint eligendi reiciendis porro dolor. Perspiciatis ipsa reiciendis fuga et quod. Numquam non aliquam consectetur aut eum odio similique veniam iure. Voluptatibus animi rem rerum illum eius sit tempora molestiae.
      </p>
    </div>
    <div
      className="story--text--section"
    >
      <p>
        Animi enim expedita dolore ipsum et voluptatem sint. Perspiciatis et voluptas incidunt. Voluptatem consequatur repellat ut sit.
      </p>
      <p>
        Quos minima ut repellendus autem saepe culpa. Distinctio nesciunt eaque. Est et omnis dolorum vel quas occaecati quis voluptas sit.
      </p>
      <p>
        Laudantium asperiores repellendus autem non similique dolor debitis similique accusamus. Animi debitis qui amet est quod non. Animi doloremque ut magnam qui et quasi expedita repudiandae. Ab quas aliquid maiores.
      </p>
      <p>
        Id nostrum rerum omnis et fugiat dolor in incidunt. Culpa ut illum quia maiores rerum ut architecto magni. Veritatis et sint sed itaque.
      </p>
    </div>
    <div
      className="story--text--section"
    >
      <p>
        Soluta voluptate quis eos qui assumenda. Maiores et dolorum doloremque et. Numquam ducimus consequuntur veniam aut id deleniti minus dolorem. Molestias aspernatur qui quia repellat adipisci eum. Quia qui dolores sequi rem iusto aut eos est.
      </p>
      <p>
        Quo recusandae itaque quia quo consequatur placeat. Ratione aut excepturi voluptas dolores recusandae fugiat tempore nostrum a. Molestias voluptatem fugiat rerum accusamus sit culpa a. Atque quae exercitationem quis. Quisquam maiores fugit qui quia aut perferendis perferendis.
      </p>
      <p>
        Perspiciatis sed aut totam aut ut quia iure. Sunt vel repudiandae distinctio maxime magni qui. Repellat ut autem et. Eaque iure amet officiis ut error explicabo vero et. Tempora atque rerum tempore totam id ratione. Consequatur porro sint voluptatum deserunt aperiam quas omnis id.
      </p>
      <p>
        Esse quia ipsum. Alias id accusantium. Sit atque sunt aut consectetur. Est voluptas distinctio voluptas rem dolorum quae accusamus illo quos. Ipsum deserunt consequatur incidunt voluptates mollitia omnis. Ut iure dolores sed amet.
      </p>
      <p>
        Qui dolores quaerat autem. Quidem sed excepturi at. Alias assumenda est facilis est. Soluta enim voluptas cupiditate quae.
      </p>
      <p>
        Consectetur sapiente quo ut. Ratione modi nesciunt error. Est in ea ad et corrupti voluptatem et natus magni.
      </p>
    </div>
  </div>
</div>
`;
