// Jest Snapshot v1, https://goo.gl/fbAQLP

exports[`accepts a text prop that is a string and renders it 1`] = `
<div
  className="story"
>
  <div
    className="story--image--wrapper"
  >
    <img
      className="story--image"
      src="http://lorempixel.com/640/480/abstract"
    />
  </div>
  <h2
    className="story--title"
  >
    Voluptate tempora ea: Voluptatem vel pariatur rerum eum hic
  </h2>
  <div
    className="story--text"
  >
    <div
      className="story--text--section"
    >
      <p>
        Asperiores autem fugiat aut deleniti accusantium rem. Deserunt sapiente dolor perspiciatis eaque consequatur. Atque et velit deserunt. Officiis qui dolorem sed rerum distinctio. Inventore placeat veniam aut amet.
      </p>
      <p>
        Natus optio quia dolore aperiam. Quibusdam enim enim quia. Molestias non possimus. Officiis magni eveniet in quam qui unde. Et quidem deserunt odit et. Ut possimus maxime deleniti.
      </p>
      <p>
        Occaecati cumque eos at minima corrupti debitis. Nobis cupiditate dolorum aperiam. Ut non sint sint non adipisci. Doloremque necessitatibus qui sunt aut rerum accusantium dicta voluptatem tempora. Porro aut ut tempore omnis nostrum.
      </p>
      <p>
        Quis dolorum nulla amet officia totam nostrum. Ipsum iure maiores rerum repudiandae voluptatem vel tempore nam. Sapiente maxime eos. Ut inventore earum voluptates provident odio necessitatibus. Dolore impedit ut quo sit excepturi nihil soluta necessitatibus harum.
      </p>
      <p>
        Rerum nihil eius quo illo. Autem quaerat sed eum itaque cum vitae. Quod aut distinctio quia eos debitis. Delectus quas quia eum dolor et corporis ut temporibus. In sequi molestias quis et qui et minima magni tenetur.
      </p>
      <p>
        Sequi eaque et. Fuga iste ex quibusdam sint iusto ut dolores ut ab. Consectetur voluptatem rerum possimus aut ut id. Qui et quasi. Necessitatibus ab quae consequuntur corporis dolore corporis. Impedit praesentium ratione libero pariatur voluptates et molestias distinctio asperiores.
      </p>
      <p>
        Non ut culpa. Odio aspernatur sit ad dolorum rerum illo magnam omnis ut. Est reprehenderit autem.
      </p>
      <p>
        Aut nisi architecto delectus hic est unde. Delectus pariatur velit sed deleniti corrupti inventore ut repudiandae. Voluptatibus praesentium fuga officiis ut. Qui qui tenetur voluptas aut. Quis ea sit saepe animi.
      </p>
    </div>
    <div
      className="story--text--section"
    >
      <p>
        Suscipit ipsam et enim accusamus dolorem et et quia. Et qui sit nobis. Rem sit earum.
      </p>
      <p>
        Sapiente quos non perferendis numquam. Possimus eveniet voluptas molestiae. Eveniet repellendus sapiente ex et nam.
      </p>
      <p>
        Assumenda laboriosam harum commodi. Fugiat dignissimos eligendi a incidunt reiciendis qui cum quidem. Cumque distinctio consectetur itaque ipsum et deserunt perspiciatis. Quia molestias voluptates temporibus consequatur atque.
      </p>
      <p>
        Voluptatibus et labore voluptas qui dolorem non reiciendis consectetur est. Ipsam nihil doloremque doloremque. Aut neque facilis aut. Reiciendis sint enim laboriosam omnis.
      </p>
      <p>
        Facere modi illo omnis et labore et quaerat sint. Voluptas iste est numquam ratione porro non non dolores dignissimos. Quo officiis sit. Veritatis asperiores voluptatem ut nobis distinctio tempora cupiditate quis aut. Molestiae qui molestiae excepturi architecto qui vel neque culpa perspiciatis. Consequatur tempore nisi ut molestiae molestias ducimus et et quasi.
      </p>
    </div>
    <div
      className="story--text--section"
    >
      <p>
        Eveniet sint nihil aperiam esse qui tempore. Natus qui quia qui dolorem voluptatem autem. Qui est officia ducimus quis et velit quis.
      </p>
      <p>
        Distinctio fuga ipsum ducimus debitis quam. Sint et nihil architecto odit ut natus. Nihil officia fuga et architecto impedit.
      </p>
      <p>
        Temporibus incidunt suscipit qui nihil vero. Totam et eum tempore. Unde consequatur sunt distinctio excepturi id eveniet doloribus quidem.
      </p>
      <p>
        Et qui consectetur dolores sunt quos et ullam consequatur laborum. Delectus ut repudiandae placeat mollitia. Officia dignissimos aliquam sapiente ipsa fugiat suscipit. Cupiditate repellat autem molestiae eaque voluptatem est.
      </p>
      <p>
        Libero omnis quam. Itaque et incidunt aut atque quia odit ut. Impedit id aliquid rerum consequatur est culpa libero. Laudantium ea consequatur. Consequatur ipsum repudiandae quidem aspernatur nostrum qui enim.
      </p>
      <p>
        Suscipit voluptate ducimus praesentium quidem officia quo. Dolores minus blanditiis totam eius assumenda dolorem est odio beatae. Maxime omnis molestiae.
      </p>
      <p>
        Et reiciendis et aliquid fuga eum ipsa. In nostrum vitae recusandae quae dolore. Rerum harum vero qui explicabo facilis qui nihil. Quia harum saepe animi atque nisi. Omnis non eos consequatur voluptatem consequuntur quia odio.
      </p>
      <p>
        Et eveniet illum. Quae incidunt non fugiat id ipsum placeat temporibus. Sequi inventore placeat delectus sint.
      </p>
    </div>
    <div
      className="story--text--section"
    >
      <p>
        Quis quia vitae molestiae laborum sit mollitia perspiciatis quasi est. Alias iste et provident dolore quas culpa. Voluptatum quia et voluptatum veritatis ullam voluptatem quos explicabo aliquam. Recusandae sunt qui. Voluptas exercitationem dolorum necessitatibus.
      </p>
      <p>
        Suscipit adipisci asperiores eaque at voluptatem. Doloremque ad voluptatem. Ducimus vel sed laboriosam. Consequatur corrupti illum veniam fugit autem possimus. Illum soluta sunt qui quibusdam quia et tenetur non. Ut vitae ipsa maxime.
      </p>
      <p>
        Enim soluta velit ratione quis. Qui eum dignissimos ea. Omnis qui provident sunt id. Quisquam quas ducimus qui consectetur minima dolore qui.
      </p>
      <p>
        Odit aperiam distinctio iste. Sed ipsum incidunt nulla laudantium nihil autem labore. Sequi ipsa reprehenderit omnis tenetur voluptatem eum possimus officiis. Itaque repellendus aut rerum. Est voluptatem et est vel.
      </p>
      <p>
        Eius corporis voluptatem sapiente aut autem in. Totam quia sit harum ut. Sit nihil eaque ratione deserunt. Sed quia quia voluptatem temporibus sunt. Temporibus rem illum exercitationem enim amet rerum autem similique.
      </p>
    </div>
    <div
      className="story--text--section"
    >
      <p>
        Debitis aliquam ullam tenetur facere dolorem. Commodi molestias rerum voluptatem. Aut aut natus provident quia fuga sequi nostrum rerum doloremque.
      </p>
      <p>
        Quidem animi tenetur accusantium ipsam. Nesciunt debitis doloremque et quis vitae. Enim neque consequatur et voluptates incidunt ab et.
      </p>
      <p>
        Dolores qui itaque maiores ullam voluptatem. Veniam id in est perferendis autem consequatur. Odio harum enim et necessitatibus harum sed voluptas molestiae. Voluptatem est sit fugit.
      </p>
      <p>
        Impedit officiis pariatur est ea. Animi doloribus debitis fuga sed quibusdam impedit. Voluptatem quis rerum. Ut autem est aut occaecati recusandae eum asperiores atque.
      </p>
    </div>
  </div>
</div>
`;
